
> ai-studio-applet@0.1.0 build
> next build

   ▲ Next.js 15.5.12
   - Environments: .env.local

   Creating an optimized production build ...
 ✓ Compiled successfully in 4.4s
   Skipping linting
   Checking validity of types ...
   Collecting page data ...
   Generating static pages (0/5) ...
   Generating static pages (1/5) 
   Generating static pages (2/5) 
   Generating static pages (3/5) 
 ✓ Generating static pages (5/5)
   Finalizing page optimization ...
   Collecting build traces ...

Route (app)                                 Size  First Load JS
┌ ○ /                                    52.3 kB         154 kB
├ ○ /_not-found                            995 B         103 kB
└ ƒ /api/tts                               122 B         102 kB
+ First Load JS shared by all             102 kB
  ├ chunks/255-a41b0d888672637a.js       45.8 kB
  ├ chunks/4bd1b696-21f374d1156f834a.js  54.2 kB
  └ other shared chunks (total)          2.08 kB


○  (Static)   prerendered as static content
ƒ  (Dynamic)  server-rendered on demand

BUILD_SUCCESS  
